%!Adobe-FontList 1.25
%Locale:0x419

%BeginFont
Handler:DirectoryHandler
FontType:Invalid
OutlineFileName:/Users/vladislav/Downloads/Папка FONTS_MR_DESIGN/Document fonts/.DS_Store
FileLength:8196
FileModTime:763560310
%EndFont

%BeginFont
Handler:DirectoryHandler
FontType:Invalid
OutlineFileName:/Users/vladislav/Downloads/Папка FONTS_MR_DESIGN/Document fonts/AGAalenCx/AGAalBolRom
FileModTime:-54812536
%EndFont

%BeginFont
Handler:DirectoryHandler
FontType:Invalid
OutlineFileName:/Users/vladislav/Downloads/Папка FONTS_MR_DESIGN/Document fonts/AGAalenCx/AGAalenBold Suitcase
FileModTime:173117286
%EndFont

%BeginFont
Handler:DirectoryHandler
FontType:Invalid
OutlineFileName:/Users/vladislav/Downloads/Папка FONTS_MR_DESIGN/Document fonts/AGGloriaCx/AGGloBol
FileModTime:-54812536
%EndFont

%BeginFont
Handler:DirectoryHandler
FontType:Invalid
OutlineFileName:/Users/vladislav/Downloads/Папка FONTS_MR_DESIGN/Document fonts/AGGloriaCx/AGGloRom
FileModTime:-54812536
%EndFont

%BeginFont
Handler:DirectoryHandler
FontType:Invalid
OutlineFileName:/Users/vladislav/Downloads/Папка FONTS_MR_DESIGN/Document fonts/AGGloriaCx/AGGloria Suitcase
FileModTime:173117290
%EndFont

%BeginFont
Handler:DirectoryHandler
FontType:Invalid
OutlineFileName:/Users/vladislav/Downloads/Папка FONTS_MR_DESIGN/Document fonts/AGLettericaCondensedCx/.DS_Store
FileLength:6148
FileModTime:192484170
%EndFont

%BeginFont
Handler:DirectoryHandler
FontType:Invalid
OutlineFileName:/Users/vladislav/Downloads/Папка FONTS_MR_DESIGN/Document fonts/AGLettericaCondensedCx/AGLetConCBol
FileModTime:192452392
%EndFont

%BeginFont
Handler:DirectoryHandler
FontType:Invalid
OutlineFileName:/Users/vladislav/Downloads/Папка FONTS_MR_DESIGN/Document fonts/AGLettericaCondensedCx/AGLetConCBolObl
FileModTime:192452476
%EndFont

%BeginFont
Handler:DirectoryHandler
FontType:Invalid
OutlineFileName:/Users/vladislav/Downloads/Папка FONTS_MR_DESIGN/Document fonts/AGLettericaCondensedCx/AGLetConCLig
FileModTime:192451582
%EndFont

%BeginFont
Handler:DirectoryHandler
FontType:Invalid
OutlineFileName:/Users/vladislav/Downloads/Папка FONTS_MR_DESIGN/Document fonts/AGLettericaCondensedCx/AGLetConCLigObl
FileModTime:192451682
%EndFont

%BeginFont
Handler:DirectoryHandler
FontType:Invalid
OutlineFileName:/Users/vladislav/Downloads/Папка FONTS_MR_DESIGN/Document fonts/AGLettericaCondensedCx/AGLetConCObl
FileModTime:192452020
%EndFont

%BeginFont
Handler:DirectoryHandler
FontType:Invalid
OutlineFileName:/Users/vladislav/Downloads/Папка FONTS_MR_DESIGN/Document fonts/AGLettericaCondensedCx/AGLetConCReg
FileModTime:192451780
%EndFont

%BeginFont
Handler:DirectoryHandler
FontType:Invalid
OutlineFileName:/Users/vladislav/Downloads/Папка FONTS_MR_DESIGN/Document fonts/AGLettericaCondensedCx/AGLetConCSemBol
FileModTime:192452112
%EndFont

%BeginFont
Handler:DirectoryHandler
FontType:Invalid
OutlineFileName:/Users/vladislav/Downloads/Папка FONTS_MR_DESIGN/Document fonts/AGLettericaCondensedCx/AGLetConCSemBolObl
FileModTime:192452214
%EndFont

%BeginFont
Handler:DirectoryHandler
FontType:Invalid
OutlineFileName:/Users/vladislav/Downloads/Папка FONTS_MR_DESIGN/Document fonts/AGLettericaCondensedCx/AGLettericaCondC.fam
FileModTime:192452998
%EndFont

%BeginFont
Handler:DirectoryHandler
FontType:Invalid
OutlineFileName:/Users/vladislav/Downloads/Папка FONTS_MR_DESIGN/Document fonts/AdobeFnt21.lst
FileLength:18051
FileModTime:780831024
%EndFont

%BeginFont
Handler:DirectoryHandler
FontType:Invalid
OutlineFileName:/Users/vladislav/Downloads/Папка FONTS_MR_DESIGN/Document fonts/AdobeFnt25.lst
FileLength:11281
FileModTime:800472981
%EndFont

%BeginFont
Handler:DirectoryHandler
FontType:Type1
FontName:FloraC-Bold
FamilyName:FloraC
StyleName:Bold
MenuName:FloraC
StyleBits:2
WeightClass:700
WidthClass:5
AngleClass:0
FullName:FloraC Bold
FamilyNameNative:
StyleNameNative:Bold
FullNameNative:
WritingScript:Cyrillic
OutlineFileName:/Users/vladislav/Downloads/Папка FONTS_MR_DESIGN/Document fonts/FloraC-Bold.otf
DataFormat:sfntData
UsesStandardEncoding:no
isCFF:yes
hasSVG:no
hasSBIX:no
hasCOLR:no
VariableFontType:NonVariableFont
FileLength:26508
FileModTime:127111896
NameArray:0,Mac,4,FloraC Bold
NameArray:0,Win,1,FloraC
%EndFont

%BeginFont
Handler:DirectoryHandler
FontType:Type1
FontName:FloraC
FamilyName:FloraC
StyleName:Regular
MenuName:FloraC
StyleBits:0
WeightClass:500
WidthClass:5
AngleClass:0
FullName:FloraC
FamilyNameNative:
StyleNameNative:Regular
FullNameNative:
WritingScript:Cyrillic
OutlineFileName:/Users/vladislav/Downloads/Папка FONTS_MR_DESIGN/Document fonts/FloraC.otf
DataFormat:sfntData
UsesStandardEncoding:no
isCFF:yes
hasSVG:no
hasSBIX:no
hasCOLR:no
VariableFontType:NonVariableFont
FileLength:25644
FileModTime:127111896
NameArray:0,Mac,4,FloraC
NameArray:0,Win,1,FloraC
%EndFont

%BeginFont
Handler:DirectoryHandler
FontType:Invalid
OutlineFileName:/Users/vladislav/Downloads/Папка FONTS_MR_DESIGN/Document fonts/FloraCx/FloraC
FileModTime:79293352
%EndFont

%BeginFont
Handler:DirectoryHandler
FontType:Invalid
OutlineFileName:/Users/vladislav/Downloads/Папка FONTS_MR_DESIGN/Document fonts/FloraCx/FloraC.suit
FileModTime:89898836
%EndFont

%BeginFont
Handler:DirectoryHandler
FontType:Invalid
OutlineFileName:/Users/vladislav/Downloads/Папка FONTS_MR_DESIGN/Document fonts/FloraCx/FloraCBol
FileModTime:79293352
%EndFont

%BeginFont
Handler:DirectoryHandler
FontType:TrueType
FontName:PFKidsPro-GradeFive
FamilyName:PF Kids Pro
StyleName:Grade Five
MenuName:PF Kids Pro Grade Five
StyleBits:0
WeightClass:400
WidthClass:5
AngleClass:0
FullName:PFKidsPro-GradeFive
FamilyNameNative:
StyleNameNative:Grade Five
FullNameNative:
WritingScript:Cyrillic
OutlineFileName:/Users/vladislav/Downloads/Папка FONTS_MR_DESIGN/Document fonts/PFKidsPro-GradeFive.ttf
DataFormat:sfntData
hasSVG:no
hasSBIX:no
hasCOLR:no
VariableFontType:NonVariableFont
FileLength:113268
FileModTime:254465614
NameArray:0,Mac,4,PFKidsPro-GradeFive
NameArray:0,Win,1,PF Kids Pro Grade Five
NameArray:0,Win,16,PF Kids Pro
%EndFont

%BeginFont
Handler:DirectoryHandler
FontType:TrueType
FontName:PFKidsPro-GradeOne
FamilyName:PF Kids Pro
StyleName:Grade One
MenuName:PF Kids Pro Grade One
StyleBits:0
WeightClass:400
WidthClass:5
AngleClass:0
FullName:PFKidsPro-GradeOne
FamilyNameNative:
StyleNameNative:Grade One
FullNameNative:
WritingScript:Cyrillic
OutlineFileName:/Users/vladislav/Downloads/Папка FONTS_MR_DESIGN/Document fonts/PFKidsPro-GradeOne.ttf
DataFormat:sfntData
hasSVG:no
hasSBIX:no
hasCOLR:no
VariableFontType:NonVariableFont
FileLength:77008
FileModTime:210876284
NameArray:0,Mac,4,PFKidsPro-GradeOne
NameArray:0,Win,1,PF Kids Pro Grade One
NameArray:0,Win,16,PF Kids Pro
%EndFont

%BeginFont
Handler:DirectoryHandler
FontType:TrueType
FontName:PFKidsPro-GradeThree
FamilyName:PF Kids Pro
StyleName:Grade Three
MenuName:PF Kids Pro Grade Three
StyleBits:0
WeightClass:400
WidthClass:5
AngleClass:0
FullName:PFKidsPro-GradeThree
FamilyNameNative:
StyleNameNative:Grade Three
FullNameNative:
WritingScript:Cyrillic
OutlineFileName:/Users/vladislav/Downloads/Папка FONTS_MR_DESIGN/Document fonts/PFKidsPro-GradeThree.ttf
DataFormat:sfntData
hasSVG:no
hasSBIX:no
hasCOLR:no
VariableFontType:NonVariableFont
FileLength:76476
FileModTime:210876332
NameArray:0,Mac,4,PFKidsPro-GradeThree
NameArray:0,Win,1,PF Kids Pro Grade Three
NameArray:0,Win,16,PF Kids Pro
%EndFont

%BeginFont
Handler:DirectoryHandler
FontType:TrueType
FontName:SignatureCollectionAlt
FamilyName:Signature Collection Alt
StyleName:Regular
MenuName:Signature Collection Alt
StyleBits:0
WeightClass:400
WidthClass:5
AngleClass:0
FullName:Signature Collection Alt
WritingScript:Roman
OutlineFileName:/Users/vladislav/Downloads/Папка FONTS_MR_DESIGN/Document fonts/SignatureCollection_Alt.ttf
DataFormat:sfntData
hasSVG:no
hasSBIX:no
hasCOLR:no
VariableFontType:NonVariableFont
FileLength:89208
FileModTime:755690392
NameArray:0,Mac,18,Signature Collection Alt
NameArray:0,Mac,4,Signature Collection Alt
NameArray:0,Win,1,Signature Collection Alt
NameArray:0,Win,16,Signature Collection Alt
%EndFont

%BeginFont
Handler:DirectoryHandler
FontType:TrueType
FontName:OraqleScript
FamilyName:Oraqle Script
StyleName:Regular
MenuName:Oraqle Script
StyleBits:0
WeightClass:400
WidthClass:5
AngleClass:0
FullName:OraqleScript
FamilyNameNative:
StyleNameNative:Regular
FullNameNative:
WritingScript:EastEuropeanRoman
OutlineFileName:/Users/vladislav/Downloads/Папка FONTS_MR_DESIGN/Document fonts/oraqle-script.ttf
DataFormat:sfntData
hasSVG:no
hasSBIX:no
hasCOLR:no
VariableFontType:NonVariableFont
FileLength:136532
FileModTime:730115148
NameArray:0,Mac,18,Oraqle Script
NameArray:0,Mac,4,Oraqle Script
NameArray:0,Win,1,Oraqle Script
NameArray:0,Win,16,Oraqle Script
%EndFont

%BeginFont
Handler:DirectoryHandler
FontType:TrueType
FontName:Futura-Bold
FamilyName:Futura
StyleName:Bold
MenuName:Futura
StyleBits:2
WeightClass:700
WidthClass:5
AngleClass:0
FullName:Futura Bold
WritingScript:Roman
OutlineFileName:/Users/vladislav/Downloads/Папка FONTS_MR_DESIGN/Document fonts/Futura.ttc
TTCOffset:612
DataFormat:sfntData
hasSVG:no
hasSBIX:no
hasCOLR:no
VariableFontType:NonVariableFont
FileLength:487620
FileModTime:702060410
NameArray:0,Mac,4,Futura Bold
%EndFont

%BeginFont
Handler:DirectoryHandler
FontType:TrueType
FontName:Futura-CondensedExtraBold
FamilyName:Futura
StyleName:Condensed ExtraBold
MenuName:Futura
StyleBits:2
WeightClass:800
WidthClass:3
AngleClass:0
FullName:Futura Condensed ExtraBold
WritingScript:Roman
OutlineFileName:/Users/vladislav/Downloads/Папка FONTS_MR_DESIGN/Document fonts/Futura.ttc
TTCOffset:1196
DataFormat:sfntData
hasSVG:no
hasSBIX:no
hasCOLR:no
VariableFontType:NonVariableFont
FileLength:487620
FileModTime:702060410
NameArray:0,Mac,4,Futura Condensed ExtraBold
%EndFont

%BeginFont
Handler:DirectoryHandler
FontType:TrueType
FontName:Futura-CondensedMedium
FamilyName:Futura
StyleName:Condensed Medium
MenuName:Futura
StyleBits:0
WeightClass:500
WidthClass:3
AngleClass:0
FullName:Futura Condensed Medium
WritingScript:Roman
OutlineFileName:/Users/vladislav/Downloads/Папка FONTS_MR_DESIGN/Document fonts/Futura.ttc
TTCOffset:912
DataFormat:sfntData
hasSVG:no
hasSBIX:no
hasCOLR:no
VariableFontType:NonVariableFont
FileLength:487620
FileModTime:702060410
NameArray:0,Mac,4,Futura Condensed Medium
%EndFont

%BeginFont
Handler:DirectoryHandler
FontType:TrueType
FontName:Futura-Medium
FamilyName:Futura
StyleName:Medium
MenuName:Futura
StyleBits:0
WeightClass:500
WidthClass:5
AngleClass:0
FullName:Futura Medium
WritingScript:Roman
OutlineFileName:/Users/vladislav/Downloads/Папка FONTS_MR_DESIGN/Document fonts/Futura.ttc
TTCOffset:44
DataFormat:sfntData
hasSVG:no
hasSBIX:no
hasCOLR:no
VariableFontType:NonVariableFont
FileLength:487620
FileModTime:702060410
NameArray:0,Mac,4,Futura Medium
%EndFont

%BeginFont
Handler:DirectoryHandler
FontType:TrueType
FontName:Futura-MediumItalic
FamilyName:Futura
StyleName:Medium Italic
MenuName:Futura
StyleBits:1
WeightClass:500
WidthClass:5
AngleClass:1
FullName:Futura Medium Italic
WritingScript:Roman
OutlineFileName:/Users/vladislav/Downloads/Папка FONTS_MR_DESIGN/Document fonts/Futura.ttc
TTCOffset:328
DataFormat:sfntData
hasSVG:no
hasSBIX:no
hasCOLR:no
VariableFontType:NonVariableFont
FileLength:487620
FileModTime:702060410
NameArray:0,Mac,4,Futura Medium Italic
%EndFont

