%!Adobe-FontList 1.20
%Locale:0x419

%BeginFont
Handler:DirectoryHandler
FontType:Invalid
OutlineFileName:/Users/user/Desktop/Папка FONTS_MR_DESIGN/Document fonts/.DS_Store
FileLength:8196
FileModTime:763560311
%EndFont

%BeginFont
Handler:DirectoryHandler
FontType:Invalid
OutlineFileName:/Users/user/Desktop/Папка FONTS_MR_DESIGN/Document fonts/AdobeFnt21.lst
FileLength:17856
FileModTime:780831024
%EndFont

%BeginFont
Handler:DirectoryHandler
FontType:TrueType
FontName:PFKidsPro-GradeOne
FamilyName:PF Kids Pro
StyleName:Grade One
MenuName:PF Kids Pro Grade One
StyleBits:0
WeightClass:400
WidthClass:5
AngleClass:0
FullName:PFKidsPro-GradeOne
FamilyNameNative:
StyleNameNative:Grade One
FullNameNative:
WritingScript:Cyrillic
OutlineFileName:/Users/user/Desktop/Папка FONTS_MR_DESIGN/Document fonts/PFKidsPro-GradeOne.ttf
DataFormat:sfntData
hasSVG:no
VariableFontType:NonVariableFont
FileLength:77008
FileModTime:210876284
NameArray:0,Mac,4,PFKidsPro-GradeOne
NameArray:0,Win,1,PF Kids Pro Grade One
NameArray:0,Win,16,PF Kids Pro
%EndFont

%BeginFont
Handler:DirectoryHandler
FontType:TrueType
FontName:Futura-Medium
FamilyName:Futura
StyleName:Medium
MenuName:Futura
StyleBits:0
WeightClass:500
WidthClass:5
AngleClass:0
FullName:Futura Medium
WritingScript:Roman
OutlineFileName:/Users/user/Desktop/Папка FONTS_MR_DESIGN/Document fonts/Futura.ttc
TTCOffset:44
DataFormat:sfntData
hasSVG:no
VariableFontType:NonVariableFont
FileLength:487620
FileModTime:702060410
NameArray:0,Mac,4,Futura Medium
%EndFont

%BeginFont
Handler:DirectoryHandler
FontType:TrueType
FontName:Futura-MediumItalic
FamilyName:Futura
StyleName:Medium Italic
MenuName:Futura
StyleBits:1
WeightClass:500
WidthClass:5
AngleClass:1
FullName:Futura Medium Italic
WritingScript:Roman
OutlineFileName:/Users/user/Desktop/Папка FONTS_MR_DESIGN/Document fonts/Futura.ttc
TTCOffset:328
DataFormat:sfntData
hasSVG:no
VariableFontType:NonVariableFont
FileLength:487620
FileModTime:702060410
NameArray:0,Mac,4,Futura Medium Italic
%EndFont

%BeginFont
Handler:DirectoryHandler
FontType:TrueType
FontName:Futura-Bold
FamilyName:Futura
StyleName:Bold
MenuName:Futura
StyleBits:2
WeightClass:700
WidthClass:5
AngleClass:0
FullName:Futura Bold
WritingScript:Roman
OutlineFileName:/Users/user/Desktop/Папка FONTS_MR_DESIGN/Document fonts/Futura.ttc
TTCOffset:612
DataFormat:sfntData
hasSVG:no
VariableFontType:NonVariableFont
FileLength:487620
FileModTime:702060410
NameArray:0,Mac,4,Futura Bold
%EndFont

%BeginFont
Handler:DirectoryHandler
FontType:TrueType
FontName:Futura-CondensedMedium
FamilyName:Futura
StyleName:Condensed Medium
MenuName:Futura
StyleBits:0
WeightClass:500
WidthClass:3
AngleClass:0
FullName:Futura Condensed Medium
WritingScript:Roman
OutlineFileName:/Users/user/Desktop/Папка FONTS_MR_DESIGN/Document fonts/Futura.ttc
TTCOffset:912
DataFormat:sfntData
hasSVG:no
VariableFontType:NonVariableFont
FileLength:487620
FileModTime:702060410
NameArray:0,Mac,4,Futura Condensed Medium
%EndFont

%BeginFont
Handler:DirectoryHandler
FontType:TrueType
FontName:Futura-CondensedExtraBold
FamilyName:Futura
StyleName:Condensed ExtraBold
MenuName:Futura
StyleBits:2
WeightClass:800
WidthClass:3
AngleClass:0
FullName:Futura Condensed ExtraBold
WritingScript:Roman
OutlineFileName:/Users/user/Desktop/Папка FONTS_MR_DESIGN/Document fonts/Futura.ttc
TTCOffset:1196
DataFormat:sfntData
hasSVG:no
VariableFontType:NonVariableFont
FileLength:487620
FileModTime:702060410
NameArray:0,Mac,4,Futura Condensed ExtraBold
%EndFont

%BeginFont
Handler:DirectoryHandler
FontType:Type1
FontName:AGAalenBold-Roman
FamilyName:AGAalenBold
StyleName:Roman
MenuName:AGAalenBold
StyleBits:0
FullName:AGAalenBold Roman
FamilyNameNative:
StyleNameNative:Roman
FullNameNative:
WritingScript:Cyrillic
OutlineFileName:/Users/user/Desktop/Папка FONTS_MR_DESIGN/Document fonts/AGAalenCx/AGAalBolRom
DataFormat:POSTResource
UsesStandardEncoding:no
isCFF:no
hasSVG:no
VariableFontType:NonVariableFont
FileLength:34464
FileModTime:-54812535
DesignSize:-1
%EndFont

%BeginFont
Handler:DirectoryHandler
FontType:Suitcase
FontName:AGAalenBold-Roman
OutlineFileName:/Users/user/Desktop/Папка FONTS_MR_DESIGN/Document fonts/AGAalenCx/AGAalenBold Suitcase
ResourceID:9274
MacStyle:0
FileLength:8484
FileModTime:173117287
%EndFont

%BeginFont
Handler:DirectoryHandler
FontType:Type1
FontName:FloraC-Bold
FamilyName:FloraC
StyleName:Bold
MenuName:FloraC
StyleBits:2
WeightClass:700
WidthClass:5
AngleClass:0
FullName:FloraC Bold
FamilyNameNative:
StyleNameNative:Bold
FullNameNative:
WritingScript:Cyrillic
OutlineFileName:/Users/user/Desktop/Папка FONTS_MR_DESIGN/Document fonts/FloraC-Bold.otf
DataFormat:sfntData
UsesStandardEncoding:no
isCFF:yes
hasSVG:no
VariableFontType:NonVariableFont
FileLength:26508
FileModTime:127111896
NameArray:0,Mac,4,FloraC Bold
NameArray:0,Win,1,FloraC
%EndFont

%BeginFont
Handler:DirectoryHandler
FontType:TrueType
FontName:OraqleScript
FamilyName:Oraqle Script
StyleName:Regular
MenuName:Oraqle Script
StyleBits:0
WeightClass:400
WidthClass:5
AngleClass:0
FullName:OraqleScript
WritingScript:Roman
OutlineFileName:/Users/user/Desktop/Папка FONTS_MR_DESIGN/Document fonts/oraqle-script.ttf
DataFormat:sfntData
hasSVG:no
VariableFontType:NonVariableFont
FileLength:136532
FileModTime:730115148
NameArray:0,Mac,18,Oraqle Script
NameArray:0,Mac,4,Oraqle Script
NameArray:0,Win,1,Oraqle Script
NameArray:0,Win,16,Oraqle Script
%EndFont

%BeginFont
Handler:DirectoryHandler
FontType:Type1
FontName:AGGloria-Roman
FamilyName:AGGloria
StyleName:Roman
MenuName:AGGloria
StyleBits:0
FullName:AGGloria Roman
FamilyNameNative:
StyleNameNative:Roman
FullNameNative:
WritingScript:Cyrillic
OutlineFileName:/Users/user/Desktop/Папка FONTS_MR_DESIGN/Document fonts/AGGloriaCx/AGGloRom
DataFormat:POSTResource
UsesStandardEncoding:no
isCFF:no
hasSVG:no
VariableFontType:NonVariableFont
FileLength:35488
FileModTime:-54812535
DesignSize:-1
%EndFont

%BeginFont
Handler:DirectoryHandler
FontType:Suitcase
FontName:AGGloria-Roman
OutlineFileName:/Users/user/Desktop/Папка FONTS_MR_DESIGN/Document fonts/AGGloriaCx/AGGloria Suitcase
ResourceID:10119
MacStyle:0
FileLength:14935
FileModTime:173117290
%EndFont

%BeginFont
Handler:DirectoryHandler
FontType:Suitcase
FontName:AGGloria-Bold
OutlineFileName:/Users/user/Desktop/Папка FONTS_MR_DESIGN/Document fonts/AGGloriaCx/AGGloria Suitcase
ResourceID:10119
MacStyle:1
FileLength:14935
FileModTime:173117290
%EndFont

%BeginFont
Handler:DirectoryHandler
FontType:Type1
FontName:AGGloria-Bold
FamilyName:AGGloria
StyleName:Bold
MenuName:AGGloria
StyleBits:0
FullName:AGGloria Bold
FamilyNameNative:
StyleNameNative:Bold
FullNameNative:
WritingScript:Cyrillic
OutlineFileName:/Users/user/Desktop/Папка FONTS_MR_DESIGN/Document fonts/AGGloriaCx/AGGloBol
DataFormat:POSTResource
UsesStandardEncoding:no
isCFF:no
hasSVG:no
VariableFontType:NonVariableFont
FileLength:36012
FileModTime:-54812535
DesignSize:-1
%EndFont

%BeginFont
Handler:DirectoryHandler
FontType:TrueType
FontName:PFKidsPro-GradeThree
FamilyName:PF Kids Pro
StyleName:Grade Three
MenuName:PF Kids Pro Grade Three
StyleBits:0
WeightClass:400
WidthClass:5
AngleClass:0
FullName:PFKidsPro-GradeThree
FamilyNameNative:
StyleNameNative:Grade Three
FullNameNative:
WritingScript:Cyrillic
OutlineFileName:/Users/user/Desktop/Папка FONTS_MR_DESIGN/Document fonts/PFKidsPro-GradeThree.ttf
DataFormat:sfntData
hasSVG:no
VariableFontType:NonVariableFont
FileLength:76476
FileModTime:210876332
NameArray:0,Mac,4,PFKidsPro-GradeThree
NameArray:0,Win,1,PF Kids Pro Grade Three
NameArray:0,Win,16,PF Kids Pro
%EndFont

%BeginFont
Handler:DirectoryHandler
FontType:Type1
FontName:AGLettericaCondC-Light
FamilyName:AGLettericaCondC
StyleName:Light
MenuName:AGLettericaCondC
StyleBits:0
FullName:AGLettericaCondC-Light
FamilyNameNative:
StyleNameNative:Light
FullNameNative:
WritingScript:Cyrillic
OutlineFileName:/Users/user/Desktop/Папка FONTS_MR_DESIGN/Document fonts/AGLettericaCondensedCx/AGLetConCLig
DataFormat:POSTResource
UsesStandardEncoding:no
isCFF:no
hasSVG:no
VariableFontType:NonVariableFont
FileLength:40986
FileModTime:192451582
DesignSize:-1
%EndFont

%BeginFont
Handler:DirectoryHandler
FontType:Type1
FontName:AGLettericaCondC-BoldOblique
FamilyName:AGLettericaCondC
StyleName:BoldOblique
MenuName:AGLettericaCondC
StyleBits:0
FullName:AGLettericaCondC-BoldOblique
FamilyNameNative:
StyleNameNative:BoldOblique
FullNameNative:
WritingScript:Cyrillic
OutlineFileName:/Users/user/Desktop/Папка FONTS_MR_DESIGN/Document fonts/AGLettericaCondensedCx/AGLetConCBolObl
DataFormat:POSTResource
UsesStandardEncoding:no
isCFF:no
hasSVG:no
VariableFontType:NonVariableFont
FileLength:43400
FileModTime:192452477
DesignSize:-1
%EndFont

%BeginFont
Handler:DirectoryHandler
FontType:Type1
FontName:AGLettericaCondC-Bold
FamilyName:AGLettericaCondC
StyleName:Bold
MenuName:AGLettericaCondC
StyleBits:0
FullName:AGLettericaCondC-Bold
FamilyNameNative:
StyleNameNative:Bold
FullNameNative:
WritingScript:Cyrillic
OutlineFileName:/Users/user/Desktop/Папка FONTS_MR_DESIGN/Document fonts/AGLettericaCondensedCx/AGLetConCBol
DataFormat:POSTResource
UsesStandardEncoding:no
isCFF:no
hasSVG:no
VariableFontType:NonVariableFont
FileLength:42374
FileModTime:192452393
DesignSize:-1
%EndFont

%BeginFont
Handler:DirectoryHandler
FontType:Type1
FontName:AGLettericaCondC-SemiBoldOblique
FamilyName:AGLettericaCondC
StyleName:SemiBoldOblique
MenuName:AGLettericaCondC
StyleBits:0
FullName:AGLettericaCondC-SemiBoldOblique
FamilyNameNative:
StyleNameNative:SemiBoldOblique
FullNameNative:
WritingScript:Cyrillic
OutlineFileName:/Users/user/Desktop/Папка FONTS_MR_DESIGN/Document fonts/AGLettericaCondensedCx/AGLetConCSemBolObl
DataFormat:POSTResource
UsesStandardEncoding:no
isCFF:no
hasSVG:no
VariableFontType:NonVariableFont
FileLength:41349
FileModTime:192452215
DesignSize:-1
%EndFont

%BeginFont
Handler:DirectoryHandler
FontType:Invalid
OutlineFileName:/Users/user/Desktop/Папка FONTS_MR_DESIGN/Document fonts/AGLettericaCondensedCx/.DS_Store
FileLength:6148
FileModTime:192484170
%EndFont

%BeginFont
Handler:DirectoryHandler
FontType:Type1
FontName:AGLettericaCondC-Regular
FamilyName:AGLettericaCondC
StyleName:Regular
MenuName:AGLettericaCondC
StyleBits:0
FullName:AGLettericaCondC-Regular
FamilyNameNative:
StyleNameNative:Regular
FullNameNative:
WritingScript:Cyrillic
OutlineFileName:/Users/user/Desktop/Папка FONTS_MR_DESIGN/Document fonts/AGLettericaCondensedCx/AGLetConCReg
DataFormat:POSTResource
UsesStandardEncoding:no
isCFF:no
hasSVG:no
VariableFontType:NonVariableFont
FileLength:39324
FileModTime:192451781
DesignSize:-1
%EndFont

%BeginFont
Handler:DirectoryHandler
FontType:Type1
FontName:AGLettericaCondC-Oblique
FamilyName:AGLettericaCondC
StyleName:Oblique
MenuName:AGLettericaCondC
StyleBits:0
FullName:AGLettericaCondC-Oblique
FamilyNameNative:
StyleNameNative:Oblique
FullNameNative:
WritingScript:Cyrillic
OutlineFileName:/Users/user/Desktop/Папка FONTS_MR_DESIGN/Document fonts/AGLettericaCondensedCx/AGLetConCObl
DataFormat:POSTResource
UsesStandardEncoding:no
isCFF:no
hasSVG:no
VariableFontType:NonVariableFont
FileLength:40095
FileModTime:192452020
DesignSize:-1
%EndFont

%BeginFont
Handler:DirectoryHandler
FontType:Type1
FontName:AGLettericaCondC-SemiBold
FamilyName:AGLettericaCondC
StyleName:SemiBold
MenuName:AGLettericaCondC
StyleBits:0
FullName:AGLettericaCondC-SemiBold
FamilyNameNative:
StyleNameNative:SemiBold
FullNameNative:
WritingScript:Cyrillic
OutlineFileName:/Users/user/Desktop/Папка FONTS_MR_DESIGN/Document fonts/AGLettericaCondensedCx/AGLetConCSemBol
DataFormat:POSTResource
UsesStandardEncoding:no
isCFF:no
hasSVG:no
VariableFontType:NonVariableFont
FileLength:40405
FileModTime:192452113
DesignSize:-1
%EndFont

%BeginFont
Handler:DirectoryHandler
FontType:Type1
FontName:AGLettericaCondC-LightOblique
FamilyName:AGLettericaCondC
StyleName:LightOblique
MenuName:AGLettericaCondC
StyleBits:0
FullName:AGLettericaCondC-LightOblique
FamilyNameNative:
StyleNameNative:LightOblique
FullNameNative:
WritingScript:Cyrillic
OutlineFileName:/Users/user/Desktop/Папка FONTS_MR_DESIGN/Document fonts/AGLettericaCondensedCx/AGLetConCLigObl
DataFormat:POSTResource
UsesStandardEncoding:no
isCFF:no
hasSVG:no
VariableFontType:NonVariableFont
FileLength:42061
FileModTime:192451683
DesignSize:-1
%EndFont

%BeginFont
Handler:DirectoryHandler
FontType:Suitcase
FontName:AGLettericaCondC-Bold
OutlineFileName:/Users/user/Desktop/Папка FONTS_MR_DESIGN/Document fonts/AGLettericaCondensedCx/AGLettericaCondC.fam
ResourceID:14767
MacStyle:0
FileLength:24400
FileModTime:192452998
%EndFont

%BeginFont
Handler:DirectoryHandler
FontType:Suitcase
FontName:AGLettericaCondC-BoldOblique
OutlineFileName:/Users/user/Desktop/Папка FONTS_MR_DESIGN/Document fonts/AGLettericaCondensedCx/AGLettericaCondC.fam
ResourceID:14767
MacStyle:2
FileLength:24400
FileModTime:192452998
%EndFont

%BeginFont
Handler:DirectoryHandler
FontType:Suitcase
FontName:AGLettericaCondC-SemiBold
OutlineFileName:/Users/user/Desktop/Папка FONTS_MR_DESIGN/Document fonts/AGLettericaCondensedCx/AGLettericaCondC.fam
ResourceID:14639
MacStyle:0
FileLength:24400
FileModTime:192452998
%EndFont

%BeginFont
Handler:DirectoryHandler
FontType:Suitcase
FontName:AGLettericaCondC-SemiBoldOblique
OutlineFileName:/Users/user/Desktop/Папка FONTS_MR_DESIGN/Document fonts/AGLettericaCondensedCx/AGLettericaCondC.fam
ResourceID:14639
MacStyle:2
FileLength:24400
FileModTime:192452998
%EndFont

%BeginFont
Handler:DirectoryHandler
FontType:Suitcase
FontName:AGLettericaCondC-Regular
OutlineFileName:/Users/user/Desktop/Папка FONTS_MR_DESIGN/Document fonts/AGLettericaCondensedCx/AGLettericaCondC.fam
ResourceID:14608
MacStyle:0
FileLength:24400
FileModTime:192452998
%EndFont

%BeginFont
Handler:DirectoryHandler
FontType:Suitcase
FontName:AGLettericaCondC-Oblique
OutlineFileName:/Users/user/Desktop/Папка FONTS_MR_DESIGN/Document fonts/AGLettericaCondensedCx/AGLettericaCondC.fam
ResourceID:14608
MacStyle:2
FileLength:24400
FileModTime:192452998
%EndFont

%BeginFont
Handler:DirectoryHandler
FontType:Suitcase
FontName:AGLettericaCondC-Light
OutlineFileName:/Users/user/Desktop/Папка FONTS_MR_DESIGN/Document fonts/AGLettericaCondensedCx/AGLettericaCondC.fam
ResourceID:14733
MacStyle:0
FileLength:24400
FileModTime:192452998
%EndFont

%BeginFont
Handler:DirectoryHandler
FontType:Suitcase
FontName:AGLettericaCondC-LightOblique
OutlineFileName:/Users/user/Desktop/Папка FONTS_MR_DESIGN/Document fonts/AGLettericaCondensedCx/AGLettericaCondC.fam
ResourceID:14733
MacStyle:2
FileLength:24400
FileModTime:192452998
%EndFont

%BeginFont
Handler:DirectoryHandler
FontType:Suitcase
FontName:FloraC
OutlineFileName:/Users/user/Desktop/Папка FONTS_MR_DESIGN/Document fonts/FloraCx/FloraC.suit
ResourceID:19521
MacStyle:0
FileLength:12171
FileModTime:89898836
%EndFont

%BeginFont
Handler:DirectoryHandler
FontType:Suitcase
FontName:FloraC-Bold
OutlineFileName:/Users/user/Desktop/Папка FONTS_MR_DESIGN/Document fonts/FloraCx/FloraC.suit
ResourceID:19521
MacStyle:1
FileLength:12171
FileModTime:89898836
%EndFont

%BeginFont
Handler:DirectoryHandler
FontType:Type1
FontName:FloraC
FamilyName:FloraC
MenuName:FloraC
StyleBits:0
FullName:FloraC
FamilyNameNative:
StyleNameNative:
FullNameNative:
WritingScript:Cyrillic
OutlineFileName:/Users/user/Desktop/Папка FONTS_MR_DESIGN/Document fonts/FloraCx/FloraC
DataFormat:POSTResource
UsesStandardEncoding:no
isCFF:no
hasSVG:no
VariableFontType:NonVariableFont
FileLength:85104
FileModTime:79293352
DesignSize:-1
%EndFont

%BeginFont
Handler:DirectoryHandler
FontType:Type1
FontName:FloraC-Bold
FamilyName:FloraC
StyleName:Bold
MenuName:FloraC
StyleBits:0
FullName:FloraC Bold
FamilyNameNative:
StyleNameNative:Bold
FullNameNative:
WritingScript:Cyrillic
OutlineFileName:/Users/user/Desktop/Папка FONTS_MR_DESIGN/Document fonts/FloraCx/FloraCBol
DataFormat:POSTResource
UsesStandardEncoding:no
isCFF:no
hasSVG:no
VariableFontType:NonVariableFont
FileLength:86604
FileModTime:79293353
DesignSize:-1
%EndFont

%BeginFont
Handler:DirectoryHandler
FontType:TrueType
FontName:SignatureCollectionAlt
FamilyName:Signature Collection Alt
StyleName:Regular
MenuName:Signature Collection Alt
StyleBits:0
WeightClass:400
WidthClass:5
AngleClass:0
FullName:Signature Collection Alt
WritingScript:Roman
OutlineFileName:/Users/user/Desktop/Папка FONTS_MR_DESIGN/Document fonts/SignatureCollection_Alt.ttf
DataFormat:sfntData
hasSVG:no
VariableFontType:NonVariableFont
FileLength:89208
FileModTime:755690392
NameArray:0,Mac,18,Signature Collection Alt
NameArray:0,Mac,4,Signature Collection Alt
NameArray:0,Win,1,Signature Collection Alt
NameArray:0,Win,16,Signature Collection Alt
%EndFont

%BeginFont
Handler:DirectoryHandler
FontType:Type1
FontName:FloraC
FamilyName:FloraC
StyleName:Regular
MenuName:FloraC
StyleBits:0
WeightClass:500
WidthClass:5
AngleClass:0
FullName:FloraC
FamilyNameNative:
StyleNameNative:Regular
FullNameNative:
WritingScript:Cyrillic
OutlineFileName:/Users/user/Desktop/Папка FONTS_MR_DESIGN/Document fonts/FloraC.otf
DataFormat:sfntData
UsesStandardEncoding:no
isCFF:yes
hasSVG:no
VariableFontType:NonVariableFont
FileLength:25644
FileModTime:127111896
NameArray:0,Mac,4,FloraC
NameArray:0,Win,1,FloraC
%EndFont

%BeginFont
Handler:DirectoryHandler
FontType:TrueType
FontName:PFKidsPro-GradeFive
FamilyName:PF Kids Pro
StyleName:Grade Five
MenuName:PF Kids Pro Grade Five
StyleBits:0
WeightClass:400
WidthClass:5
AngleClass:0
FullName:PFKidsPro-GradeFive
FamilyNameNative:
StyleNameNative:Grade Five
FullNameNative:
WritingScript:Cyrillic
OutlineFileName:/Users/user/Desktop/Папка FONTS_MR_DESIGN/Document fonts/PFKidsPro-GradeFive.ttf
DataFormat:sfntData
hasSVG:no
VariableFontType:NonVariableFont
FileLength:113268
FileModTime:254465614
NameArray:0,Mac,4,PFKidsPro-GradeFive
NameArray:0,Win,1,PF Kids Pro Grade Five
NameArray:0,Win,16,PF Kids Pro
%EndFont

